w,w,w,w,w,w,w,w,w,w,w,w,w,w,g0
w,w,w,w,w,w,w,pd,pd,pd,w,w,rl,rl,x
w,w,g3,w,pd,pd,pd,rl,rl,rl,rl,rl,ru,w,w
w,w,w,pd,rl,rl,rl,ru,ru,pl,w,w,ru,w,w
w,w,w,pr,ru,rd,pl,pr,ru,pl,w,w,ru,w,w
w,w,pr,rl,ru,rd,pl,pr,ru,pl,w,w,ru,w,w
w,w,pr,ru,pr,rd,pl,pr,ru,pl,w,w,ru,w,w
w,pr,rr,ru,pr,rd,pl,pr,ru,pl,w,w,ru,w,w
w,pr,ru,pl,pr,rd,pl,pr,ru,pl,w,w,ru,w,w
w,pr,ru,pl,pr,rd,pl,pr,ru,pl,w,w,ru,w,w
w,pr,ru,pl,pr,rd,pl,pr,ru,pl,w,w,ru,w,w
w,pr,ru,pl,pr,rd,pl,pr,ru,pl,w,w,ru,w,w
w,pr,ru,pl,pr,rd,pl,pr,ru,pl,w,w,ru,w,w
w,pr,ru,pl,pr,rd,pl,pr,ru,ru,pl,w,ru,w,w
w,pr,ru,pl,pr,rd,pl,pr,ru,ru,pl,w,ru,w,w
w,pr,ru,pl,pr,rd,pl,pr,ru,ru,pl,w,ru,w,w
w,pr,ru,pl,pr,rd,pl,pr,ru,ru,pl,w,ru,w,w
w,pr,ru,pl,pr,rd,pl,pr,ru,ru,pl,w,ru,w,w
w,pr,ru,pl,pr,rd,pl,pr,ru,ru,pl,w,ru,w,w
w,pr,ru,pl,pr,rd,pl,pr,ru,pl,w,pr,ru,w,w
w,pr,ru,pl,pr,rd,pl,pr,ru,pl,w,pr,ru,w,w
w,pr,ru,pl,pr,rd,pl,pr,ru,pl,w,pr,ru,w,w
w,pr,ru,pl,pr,rd,pl,pr,ru,pl,w,pr,ru,w,w
w,pr,ru,pl,pr,rd,pl,pr,ru,pl,w,pr,ru,w,w
w,pr,ru,pl,pr,rd,pl,pr,ru,pl,w,pr,ru,w,w
w,pr,ru,pl,pr,rd,pl,pr,ru,pl,w,pr,ru,w,w
w,pr,ru,pl,pr,rd,pl,pr,ru,pl,w,pr,ru,w,w
w,pr,ru,pl,pr,rd,pl,pr,ru,w,w,w,ru,w,g1
w,pr,ru,pl,pr,rd,pl,pr,ru,ru,pl,w,ru,w,w
w,pr,ru,pl,pr,rd,pl,pr,ru,ru,pl,w,ru,w,w
w,pr,ru,pl,pr,rd,pl,pr,ru,ru,pl,w,ru,w,w
w,pr,ru,pl,pr,rd,pl,pr,ru,ru,pl,w,ru,pl,w
w,pr,ru,pl,pr,rd,pl,w,ru,ru,pl,w,ru,pl,w
w,pr,ru,pl,pr,rd,rr,rr,ru,ru,pl,w,ru,pl,w
w,pr,ru,pl,pr,rd,w,w,w,ru,pl,w,ru,pl,w
w,pr,ru,pl,pr,rd,w,w,w,ru,pl,w,ru,pl,w
w,pr,ru,pl,pr,rd,w,w,rd,rl,rl,rl,rl,rl,w
w,pr,ru,pl,pr,rd,w,rd,rl,w,w,w,w,ru,e
w,pr,ru,pl,pr,rd,rd,rl,w,w,w,w,w,w,w
w,pr,ru,pl,pr,rd,rl,w,w,w,w,w,w,w,w
w,pr,ru,rl,rl,rl,w,w,w,w,w,w,w,w,w
w,w,pu,pu,pu,pu,w,w,w,w,w,w,w,w,w
w,w,w,w,w,w,w,w,w,w,w,w,w,w,g2
