w,w,w,w,w,w,w,w,w,w,w,w,w,w,w,w,w,w,w,w,w,w,e1d,x1,w,w
w,pd,pd,pd,pd,pd,pd,pd,g3,pd,pd,pd,pd,pd,pd,pd,pd,w,w,w,w,w,rd,ru,w,w
w,rdu,rlu,rlu,rlu,rlu,rlu,rlu,rl,rlu,rlu,rlu,rlu,rlu,rlu,rlu,rlu,w,w,w,w,w,rd,ru,w,w
w,rr,rr,rr,rrd,rrd,rr,rrd,rrd,rrd,rr,rrd,rrd,rrd,rrd,rrd,rdu,g5,w,w,w,w,rd,ru,w,w
w,w,w,g1,rd,ru,g2,pu,pu,pu,g0,pu,pu,pu,pu,pu,pu,w,w,w,w,w,rd,ru,w,w
w,w,w,pr,rdl,ru,pd,pd,pd,pd,pd,pd,pd,pd,pd,pd,pd,pd,pd,pd,pd,pd,rd,ru,w,w
w,w,w,pr,rdl,ru,rlu,rlu,rlu,rlu,rlu,rlu,rlu,rlu,rlu,rlu,rlu,rlu,rlu,rlu,rlu,rlu,rdl,ru,w,w
w,w,w,pr,rdl,rru,rrd,rrd,rrd,rrd,rr,rrd,rrd,rrd,rrd,rrd,rrd,rr,rrd,rrd,rrd,rrd,rd,ru,w,w
w,w,w,pr,rdl,ru,pdu,pdu,pdu,pdu,g7,pdu,pdu,pdu,pdu,pdu,pdu,w,pdu,pdu,pdu,pdu,rd,ru,w,w
w,w,w,w,rd,ru,rlu,rlu,rlu,rlu,rl,rlu,rlu,rlu,rlu,rlu,rlu,rl,rlu,rlu,rlu,rlu,rdl,ru,w,w
w,w,w,w,rd,rru,rr,rr,rr,rr,rrd,rrd,rr,rrd,rrd,rrd,rrd,rrd,rrd,rrd,rrd,rrd,rd,rru,pl,w
w,w,w,pr,rdl,ru,g8,rd,ru,w,pu,pu,w,pu,pu,pu,pu,pu,pu,pu,pu,pu,rd,rru,pl,w
w,w,w,pr,rdl,ru,w,rd,ru,w,pd,pd,g6,pd,pd,pd,pd,pd,pd,g4,pd,pd,rd,rru,pl,w
w,w,rd,rl,rl,ru,w,rd,ru,w,rdu,rlu,rl,rlu,rlu,rlu,rlu,rlu,rlu,rl,rlu,rlu,rl,rlu,rl,w
w,w,rrd,rrd,rrd,rud,w,rd,ru,w,rrd,rrd,rrd,rrd,rrd,rrd,rrd,rrd,rrd,rrd,rrd,rrd,rrd,rrd,rdu,w
w,w,pu,pu,pu,pu,w,rd,ru,w,pu,pu,pu,pu,pu,pu,pu,pu,pu,pu,pu,pu,pu,pu,pu,w
w,w,w,w,w,w,w,x0,e0u,w,w,w,w,w,w,w,w,w,w,w,w,w,w,w,w,w
